exports[`test renders correctly 1`] = `
<footer
  className="Footer"
  style={undefined}>
  <span>
    <small>
      <p>
        first
      </p>
    </small>
    <small
      className="Splitter">
       | 
    </small>
  </span>
  <span>
    <small>
      <p>
        second
      </p>
    </small>
  </span>
</footer>
`;
